// Jest Snapshot v1, https://goo.gl/fbAQLP

exports[`NotFound renders correctly 1`] = `
<div
  className="sc-bwzfXH kipmsM"
>
  <div
    className="sc-htpNat haKytP"
  >
    404
  </div>
  <div
    className="sc-bxivhb ftdpTF"
  >
    Oops, the page you're looking for doesn't exist.
  </div>
  <div
    className="sc-ifAKCX dUCqIB"
  >
    <a
      className="sc-bdVaJa hodkNv"
      href="/"
      onClick={[Function]}
    >
      <span
        className="sc-EHOje hBrwpy"
      >
        Go to homepage
      </span>
    </a>
  </div>
</div>
`;
