// Jest Snapshot v1, https://goo.gl/fbAQLP

exports[`MovieItem renders correctly 1`] = `
<a
  className="sc-EHOje lkuXgQ"
  href="/film/337167"
  onClick={[Function]}
>
  <figure
    className="sc-bdVaJa aVXFD"
  >
    <img
      alt="Fifty Shades Freed"
      className="sc-ifAKCX kqqTha"
      src="https://image.tmdb.org/t/p/w500/3kcEGnYBHDeqmdYf8ZRbKdfmlUy.jpg"
    />
    <figcaption>
      <div
        className="sc-bwzfXH jIElrg"
      >
        2018
      </div>
      <div
        className="sc-htpNat hngseF"
      >
        Fifty Shades Freed
      </div>
      <div
        className="sc-bxivhb bHMrYY"
      >
        Drama, Romance
      </div>
    </figcaption>
  </figure>
</a>
`;
