// Jest Snapshot v1, https://goo.gl/fbAQLP

exports[`SortInfo renders correctly with sort by release_date 1`] = `
<div
  className="sc-bdVaJa gVxUBX"
>
  <div>
    24
     movies found
  </div>
  <div>
    <span>
      Sort by 
    </span>
    <button
      className="sc-bwzfXH hSoGzI"
      onClick={[Function]}
      selected={true}
    >
      Release date
    </button>
    <button
      className="sc-bwzfXH hEEKog"
      onClick={[Function]}
      selected={false}
    >
      Rating
    </button>
  </div>
</div>
`;

exports[`SortInfo renders correctly with sort by vote_average 1`] = `
<div
  className="sc-bdVaJa gVxUBX"
>
  <div>
    24
     movies found
  </div>
  <div>
    <span>
      Sort by 
    </span>
    <button
      className="sc-bwzfXH hEEKog"
      onClick={[Function]}
      selected={false}
    >
      Release date
    </button>
    <button
      className="sc-bwzfXH hSoGzI"
      onClick={[Function]}
      selected={true}
    >
      Rating
    </button>
  </div>
</div>
`;
