// Jest Snapshot v1, https://goo.gl/fbAQLP

exports[`SearchBar renders correctly 1`] = `
<div
  className="searchBar"
>
  <Logo />
  <p
    className="searchBarTitle"
  >
    Find your movie
  </p>
  <input
    className="searchInput"
    type="text"
  />
  <div
    className="searchFooter"
  >
    <div
      className="searchBy"
    >
      Search by 
    </div>
    <div
      className="searchByBtns"
    >
      <button
        className="searchByTitleBtn"
        onClick={[Function]}
      >
        Title
      </button>
      <button
        className="searchByGenreBtn"
        onClick={[Function]}
      >
        Genre
      </button>
    </div>
    <button
      className="searchBtn"
      onClick={[Function]}
    >
      Search
    </button>
  </div>
</div>
`;
